// Jest Snapshot v1, https://goo.gl/fbAQLP

exports[`Equation Functions - Box Box 1`] = `
Array [
  0.7,
  0,
  0,
  0,
  0,
  0.7,
  0,
  0,
  0,
  0,
  1,
  0,
  0,
  0,
  0,
  1,
]
`;

exports[`Equation Functions - Box Box 2`] = `
Array [
  0.09,
  0,
  0,
  -0.01,
  0,
  0.1026,
  0,
  -0.0156,
  0,
  0,
  1,
  0,
  0,
  0,
  0,
  1,
]
`;
