// Jest Snapshot v1, https://goo.gl/fbAQLP

exports[`Equation Functions - Bar Bar 1`] = `
Array [
  0.7,
  0,
  0,
  0.08,
  0,
  0.7,
  0,
  0,
  0,
  0,
  1,
  0,
  0,
  0,
  0,
  1,
]
`;

exports[`Equation Functions - Bar Bar 2`] = `
Array [
  0.01,
  0,
  0,
  0,
  0,
  0.2121,
  0,
  -0.0756,
  0,
  0,
  1,
  0,
  0,
  0,
  0,
  1,
]
`;
