// Jest Snapshot v1, https://goo.gl/fbAQLP

exports[`Equation Functions - Root Root 1`] = `
Array [
  0.7,
  0,
  0.20441,
  0,
  0.7,
  0,
  0,
  0,
  1,
]
`;

exports[`Equation Functions - Root Root 2`] = `
Array [
  0.3.115,
  0,
  0.02336,
  0,
  0.2221,
  -0.0756,
  0,
  0,
  1,
]
`;
