// Jest Snapshot v1, https://goo.gl/fbAQLP

exports[`Equation Symbols - Bracket Snapshot Bracket 1`] = `
Array [
  0.022,
  0,
  0.025,
  0,
  0.01409,
  0.06973,
  0.0196,
  0.06988,
  0.00793,
  0.13965,
  0.0154,
  0.13984,
  0.00352,
  0.20969,
  0.0124,
  0.20986,
  0.00088,
  0.27982,
  0.0106,
  0.27992,
  0,
  0.35,
  0.01,
  0.35,
  0.00088,
  0.42018,
  0.0106,
  0.42008,
  0.00352,
  0.49031,
  0.0124,
  0.49014,
  0.00793,
  0.56035,
  0.0154,
  0.56016,
  0.01409,
  0.63027,
  0.0196,
  0.63012,
  0.022,
  0.7,
  0.025,
  0.7,
]
`;

exports[`Equation Symbols - Bracket Snapshot Bracket 2`] = `
Array [
  0.003,
  0,
  0,
  0,
  0.01092,
  0.09981,
  0.0054,
  0.09991,
  0.01708,
  0.19975,
  0.0096,
  0.19988,
  0.02148,
  0.29978,
  0.0126,
  0.2999,
  0.02412,
  0.39988,
  0.0144,
  0.39994,
  0.025,
  0.5,
  0.015,
  0.5,
  0.02412,
  0.60012,
  0.0144,
  0.60006,
  0.02148,
  0.70022,
  0.0126,
  0.7001,
  0.01708,
  0.80025,
  0.0096,
  0.80012,
  0.01092,
  0.90019,
  0.0054,
  0.90009,
  0.003,
  1,
  0,
  1,
]
`;
