// Jest Snapshot v1, https://goo.gl/fbAQLP

exports[`Equation Symbols - Bracket Snapshot Backward 1`] = `
Array [
  0,
  0.06848,
  0.00932,
  0.0721,
  0.028,
  0.00362,
  0,
  0.06848,
  0.028,
  0.00362,
  0.01868,
  0,
]
`;

exports[`Equation Symbols - Bracket Snapshot Cross 1`] = `
Array [
  0,
  0.00362,
  0.00932,
  0,
  0.028,
  0.06848,
  0,
  0.00362,
  0.028,
  0.06848,
  0.01868,
  0.0721,
  0,
  0.06848,
  0.00932,
  0.0721,
  0.028,
  0.00362,
  0,
  0.06848,
  0.028,
  0.00362,
  0.01868,
  0,
]
`;

exports[`Equation Symbols - Bracket Snapshot Forward 1`] = `
Array [
  0,
  0.00362,
  0.00932,
  0,
  0.028,
  0.06848,
  0,
  0.00362,
  0.028,
  0.06848,
  0.01868,
  0.0721,
]
`;

exports[`Equation Symbols - Bracket Snapshot Horizontal 1`] = `
Array [
  0,
  0.03105,
  0.028,
  0.03105,
  0.028,
  0.04105,
  0,
  0.03105,
  0.028,
  0.04105,
  0,
  0.04105,
]
`;
