// Jest Snapshot v1, https://goo.gl/fbAQLP

exports[`Equation Symbols - Arrow Snapshot 1`] = `
Array [
  0,
  0.02,
  0,
  0.01,
  0.03,
  0.02,
  0.03,
  0.01,
  0.03,
  0.03,
  0.03,
  0,
  0.07,
  0.015,
  0.07,
  0.015,
]
`;
