// Jest Snapshot v1, https://goo.gl/fbAQLP

exports[`Equation Symbols - Square Bracket Snapshot Rounded Square Bracket 1`] = `
Array [
  0,
  0,
  0,
  0.01,
  0,
  0,
  0,
  0.01,
  0.00469,
  0.00037,
  0.00313,
  0.01025,
  0.00927,
  0.00147,
  0.00618,
  0.01098,
  0.01362,
  0.00327,
  0.00908,
  0.01218,
  0.01763,
  0.00573,
  0.01176,
  0.01382,
  0.02121,
  0.00879,
  0.01414,
  0.01586,
  0.02427,
  0.01237,
  0.01618,
  0.01824,
  0.02673,
  0.01638,
  0.01782,
  0.02092,
  0.02853,
  0.02073,
  0.01902,
  0.02382,
  0.02963,
  0.02531,
  0.01975,
  0.02687,
  0.03,
  0.03,
  0.02,
  0.03,
  0.03,
  1.97,
  0.02,
  1.97,
  0.02963,
  1.97469,
  0.01975,
  1.97313,
  0.02853,
  1.97927,
  0.01902,
  1.97618,
  0.02673,
  1.98362,
  0.01782,
  1.97908,
  0.02427,
  1.98763,
  0.01618,
  1.98176,
  0.02121,
  1.99121,
  0.01414,
  1.98414,
  0.01763,
  1.99427,
  0.01176,
  1.98618,
  0.01362,
  1.99673,
  0.00908,
  1.98782,
  0.00927,
  1.99853,
  0.00618,
  1.98902,
  0.00469,
  1.99963,
  0.00313,
  1.98975,
  0,
  2,
  0,
  1.99,
  0,
  2,
  0,
  1.99,
]
`;

exports[`Equation Symbols - Square Bracket Snapshot Square Bracket 1`] = `
Array [
  0.3,
  0,
  0.3,
  0.05,
  0,
  0,
  0.1,
  0.05,
  0,
  2,
  0.1,
  1.95,
  0.3,
  2,
  0.3,
  1.95,
]
`;

exports[`Equation Symbols - Square Bracket Snapshot Square Bracket 2`] = `
Array [
  0,
  0,
  0,
  0.01,
  0.03,
  0,
  0.02,
  0.01,
  0.03,
  2,
  0.02,
  1.99,
  0,
  2,
  0,
  1.99,
]
`;
