// Jest Snapshot v1, https://goo.gl/fbAQLP

exports[`Equation Symbols - Bracket Snapshot Backward 1`] = `
Array [
  0,
  0.10397,
  0.00748,
  0.1106,
  0.098,
  0.00663,
  0,
  0.10397,
  0.098,
  0.00663,
  0.09052,
  0,
]
`;

exports[`Equation Symbols - Bracket Snapshot Cross 1`] = `
Array [
  0,
  0.00663,
  0.00748,
  0,
  0.098,
  0.10397,
  0,
  0.00663,
  0.098,
  0.10397,
  0.09052,
  0.1106,
  0,
  0.10397,
  0.00748,
  0.1106,
  0.098,
  0.00663,
  0,
  0.10397,
  0.098,
  0.00663,
  0.09052,
  0,
]
`;

exports[`Equation Symbols - Bracket Snapshot Forward 1`] = `
Array [
  0,
  0.00663,
  0.00748,
  0,
  0.098,
  0.10397,
  0,
  0.00663,
  0.098,
  0.10397,
  0.09052,
  0.1106,
]
`;

exports[`Equation Symbols - Bracket Snapshot Horizontal 1`] = `
Array [
  0,
  0.0363,
  0.098,
  0.0363,
  0.098,
  0.0463,
  0,
  0.0363,
  0.098,
  0.0463,
  0,
  0.0463,
]
`;
