// Jest Snapshot v1, https://goo.gl/fbAQLP

exports[`Diagram Objects PolyLine Number of points in line close 1`] = `undefined`;
