// Jest Snapshot v1, https://goo.gl/fbAQLP

exports[`Figure Objects PolyLine Misc options 1`] = `undefined`;

exports[`Figure Objects PolyLine Number of points in line close 1`] = `undefined`;
