// Jest Snapshot v1, https://goo.gl/fbAQLP

exports[`Collection: Angle - Static Shape simple 1`] = `
Object {
  "border": Array [
    Array [
      Array [
        0,
        -0.004,
      ],
      Array [
        0.05,
        -0.004,
      ],
      Array [
        0.05,
        0.048,
      ],
      Array [
        0,
        0.048,
      ],
    ],
    Array [
      Array [
        0.05,
        -0.004,
      ],
      Array [
        0.1,
        -0.004,
      ],
      Array [
        0.1,
        0.07,
      ],
      Array [
        0.05,
        0.07,
      ],
    ],
  ],
  "elements": Object {
    "a": Object {
      "border": Array [
        Array [
          Array [
            0,
            -0.004,
          ],
          Array [
            0.05,
            -0.004,
          ],
          Array [
            0.05,
            0.048,
          ],
          Array [
            0,
            0.048,
          ],
        ],
      ],
      "points": Array [
        -0.05,
        -0.008,
        0.15,
        -0.008,
        0.15,
        0.095,
        -0.05,
        -0.008,
        0.15,
        0.095,
        -0.05,
        0.095,
      ],
      "touchBorder": Array [
        Array [
          Array [
            0,
            -0.004,
          ],
          Array [
            0.05,
            -0.004,
          ],
          Array [
            0.05,
            0.048,
          ],
          Array [
            0,
            0.048,
          ],
        ],
      ],
    },
    "b": Object {
      "border": Array [
        Array [
          Array [
            0.05,
            -0.004,
          ],
          Array [
            0.1,
            -0.004,
          ],
          Array [
            0.1,
            0.07,
          ],
          Array [
            0.05,
            0.07,
          ],
        ],
      ],
      "points": Array [
        -0.05,
        -0.008,
        0.15,
        -0.008,
        0.15,
        0.14,
        -0.05,
        -0.008,
        0.15,
        0.14,
        -0.05,
        0.14,
      ],
      "touchBorder": Array [
        Array [
          Array [
            0.05,
            -0.004,
          ],
          Array [
            0.1,
            -0.004,
          ],
          Array [
            0.1,
            0.07,
          ],
          Array [
            0.05,
            0.07,
          ],
        ],
      ],
    },
  },
  "touchBorder": Array [
    Array [
      Array [
        0,
        -0.004,
      ],
      Array [
        0.1,
        -0.004,
      ],
      Array [
        0.1,
        0.07,
      ],
      Array [
        0,
        0.07,
      ],
    ],
  ],
}
`;
